This is a doctest that checks the matrix_divided module

>>> matrix_divided = __import__('2-matrix_divided').matrix_divided

>>> matrix_divided([], 1)
[]

>>> matrix_divided([1, 2], 1)
Traceback (most recent call last):
...
TypeError: matrix must be a matrix (list of lists) of integers/floats

>>> matrix_divided([[1], [2]], 1)
[[1.0], [2.0]]

>>> matrix_divided([[1], [1, 2]], 1)
Traceback (most recent call last):
...
TypeError: Each row of the matrix must have the same size

>>> matrix_divided([[1], [1]], "yep")
Traceback (most recent call last):
...
TypeError: div must be a number

>>> matrix_divided([[1], [1]], 0)
Traceback (most recent call last):
...
ZeroDivisionError: division by zero

